I am a nav bar! I have 2 pages in total, but I am on page 1 now!

On page 1, I found a Happy Panda