I am a nav bar! I have 2 pages in total, but I am on page 2 now!

On page 2, I found a Sad Panda