I am a general template. Here's my headers

<--! Content goes here -->
I am a sad panda

Hi, footer here :)